[templates.envytheme.com/coze/default/index.html]
[templates.envytheme.com/coze/default/assets/css/bootstrap.min.css]
[templates.envytheme.com/coze/default/assets/css/aos.css]
[templates.envytheme.com/coze/default/assets/css/animate.min.css]
[templates.envytheme.com/coze/default/assets/css/meanmenu.css]
[templates.envytheme.com/coze/default/assets/css/remixicon.css]
[templates.envytheme.com/coze/default/assets/css/odometer.min.css]
[templates.envytheme.com/coze/default/assets/css/owl.carousel.min.css]
[templates.envytheme.com/coze/default/assets/css/owl.theme.default.min.css]
[templates.envytheme.com/coze/default/assets/css/magnific-popup.min.css]
[templates.envytheme.com/coze/default/assets/css/fancybox.min.css]
[templates.envytheme.com/coze/default/assets/css/nice-select.min.css]
[templates.envytheme.com/coze/default/assets/css/style.css]
[templates.envytheme.com/coze/default/assets/css/navbar.css]
[templates.envytheme.com/coze/default/assets/css/footer.css]
[templates.envytheme.com/coze/default/assets/css/dark.css]
[backblue.gif]
[fade.gif]
[index.html]
[templates.envytheme.com/coze/default/assets/css/responsive.css]
[templates.envytheme.com/coze/default/assets/images/favicon.png]
[ajax.cloudflare.com/cdn-cgi/scripts/04b3eb47/cloudflare-static/mirage2.min.js]
[templates.envytheme.com/coze/default/assets/images/logo.png]
[templates.envytheme.com/coze/default/index-2.html]
[templates.envytheme.com/coze/default/index-3.html]
[templates.envytheme.com/coze/default/about-style-1.html]
[templates.envytheme.com/coze/default/about-style-2.html]
[templates.envytheme.com/coze/default/about-style-3.html]
[templates.envytheme.com/coze/default/gallery.html]
[templates.envytheme.com/coze/default/testimonials.html]
[templates.envytheme.com/coze/default/services-style-1.html]
[templates.envytheme.com/coze/default/services-style-2.html]
[templates.envytheme.com/coze/default/services-details.html]
[templates.envytheme.com/coze/default/pricing.html]
[templates.envytheme.com/coze/default/team.html]
[templates.envytheme.com/coze/default/faq.html]
[templates.envytheme.com/coze/default/events.html]
[templates.envytheme.com/coze/default/events-details.html]
[templates.envytheme.com/coze/default/career.html]
[templates.envytheme.com/coze/default/career-details.html]
[templates.envytheme.com/coze/default/courses.html]
[templates.envytheme.com/coze/default/courses-right-sidebar.html]
[templates.envytheme.com/coze/default/courses-details.html]
[templates.envytheme.com/coze/default/profile-authentication.html]
[templates.envytheme.com/coze/default/membership-levels.html]
[templates.envytheme.com/coze/default/purchase-guide.html]
[templates.envytheme.com/coze/default/terms-of-service.html]
[templates.envytheme.com/coze/default/privacy-policy.html]
[templates.envytheme.com/coze/default/error-404.html]
[templates.envytheme.com/coze/default/coming-soon.html]
[templates.envytheme.com/coze/default/projects.html]
[templates.envytheme.com/coze/default/projects-details.html]
[templates.envytheme.com/coze/default/products.html]
[templates.envytheme.com/coze/default/cart.html]
[templates.envytheme.com/coze/default/wishlist.html]
[templates.envytheme.com/coze/default/checkout.html]
[templates.envytheme.com/coze/default/my-account.html]
[templates.envytheme.com/coze/default/products-details.html]
[templates.envytheme.com/coze/default/blog-style-1.html]
[templates.envytheme.com/coze/default/blog-style-2.html]
[templates.envytheme.com/coze/default/blog-right-sidebar.html]
[templates.envytheme.com/coze/default/author.html]
[templates.envytheme.com/coze/default/categories.html]
[templates.envytheme.com/coze/default/tags.html]
[templates.envytheme.com/coze/default/search-page.html]
[templates.envytheme.com/coze/default/single-blog-1.html]
[templates.envytheme.com/coze/default/single-blog-2.html]
[templates.envytheme.com/coze/default/single-blog-3.html]
[templates.envytheme.com/coze/default/contact.html]
[templates.envytheme.com/coze/default/assets/images/black-logo.png]
[templates.envytheme.com/coze/default/assets/images/home-slides/slides-1.png]
[templates.envytheme.com/coze/default/assets/images/home-slides/slides-2.png]
[templates.envytheme.com/coze/default/assets/images/home-slides/slides-shape-1.png]
[templates.envytheme.com/coze/default/assets/images/home-slides/slides-shape-2.png]
[templates.envytheme.com/coze/default/assets/images/home-slides/slides-shape-3.png]
[templates.envytheme.com/coze/default/assets/images/home-slides/slides-shape-4.png]
[templates.envytheme.com/coze/default/assets/images/home-slides/slides-shape-5.png]
[templates.envytheme.com/coze/default/assets/images/partner/partner-1.png]
[templates.envytheme.com/coze/default/assets/images/partner/partner-hover-1.png]
[templates.envytheme.com/coze/default/assets/images/partner/partner-2.png]
[templates.envytheme.com/coze/default/assets/images/partner/partner-hover-2.png]
[templates.envytheme.com/coze/default/assets/images/partner/partner-3.png]
[templates.envytheme.com/coze/default/assets/images/partner/partner-hover-3.png]
[templates.envytheme.com/coze/default/assets/images/partner/partner-4.png]
[templates.envytheme.com/coze/default/assets/images/partner/partner-hover-4.png]
[templates.envytheme.com/coze/default/assets/images/partner/partner-5.png]
[templates.envytheme.com/coze/default/assets/images/partner/partner-hover-5.png]
[templates.envytheme.com/coze/default/assets/images/partner/partner-6.png]
[templates.envytheme.com/coze/default/assets/images/partner/partner-hover-6.png]
[templates.envytheme.com/coze/default/assets/images/about/about.png]
[templates.envytheme.com/coze/default/assets/images/about/about-shape.png]
[templates.envytheme.com/coze/default/assets/images/services/services-1.jpg]
[templates.envytheme.com/coze/default/assets/images/services/services-2.jpg]
[templates.envytheme.com/coze/default/assets/images/services/services-3.jpg]
[templates.envytheme.com/coze/default/assets/images/services/services-4.jpg]
[templates.envytheme.com/coze/default/assets/images/choose/choose-1.png]
[templates.envytheme.com/coze/default/assets/images/choose/choose-2.png]
[templates.envytheme.com/coze/default/assets/images/choose/choose-3.png]
[templates.envytheme.com/coze/default/assets/images/choose/choose-4.png]
[templates.envytheme.com/coze/default/assets/images/choose/choose-shape.png]
[templates.envytheme.com/coze/default/assets/images/choose/choose-shape-2.png]
[templates.envytheme.com/coze/default/assets/images/video/video.jpg]
[templates.envytheme.com/coze/default/assets/images/projects/projects-1.jpg]
[templates.envytheme.com/coze/default/assets/images/projects/projects-2.jpg]
[templates.envytheme.com/coze/default/assets/images/projects/projects-3.jpg]
[templates.envytheme.com/coze/default/assets/images/projects/projects-4.jpg]
[templates.envytheme.com/coze/default/assets/images/projects/projects-5.jpg]
[templates.envytheme.com/coze/default/assets/images/projects/projects-bg-shape.png]
[templates.envytheme.com/coze/default/assets/images/projects/projects-shape-1.png]
[templates.envytheme.com/coze/default/assets/images/projects/projects-shape-2.png]
[templates.envytheme.com/coze/default/assets/images/projects/projects-shape-3.png]
[templates.envytheme.com/coze/default/assets/images/testimonials/testimonials-1.jpg]
[templates.envytheme.com/coze/default/assets/images/testimonials/testimonials-2.jpg]
[templates.envytheme.com/coze/default/assets/images/testimonials/testimonials-3.jpg]
[templates.envytheme.com/coze/default/assets/images/testimonials/testimonials-shape.png]
[templates.envytheme.com/coze/default/assets/images/pricing/pricing-bg-shape.png]
[templates.envytheme.com/coze/default/assets/images/pricing/pricing-shape-1.png]
[templates.envytheme.com/coze/default/assets/images/pricing/pricing-shape-2.png]
[templates.envytheme.com/coze/default/assets/images/blog/blog-1.jpg]
[templates.envytheme.com/coze/default/assets/images/blog/blog-2.jpg]
[templates.envytheme.com/cdn-cgi/scripts/5c5dd728/cloudflare-static/email-decode.min.js]
[templates.envytheme.com/coze/default/assets/images/footer/footer-shape-1.png]
[templates.envytheme.com/coze/default/assets/images/footer/footer-shape-2.png]
[templates.envytheme.com/coze/default/assets/images/footer/footer-shape-3.png]
[templates.envytheme.com/coze/default/assets/js/jquery.min.js]
[templates.envytheme.com/coze/default/assets/js/bootstrap.bundle.min.js]
[templates.envytheme.com/coze/default/assets/js/jquery.meanmenu.js]
[templates.envytheme.com/coze/default/assets/js/owl.carousel.min.js]
[templates.envytheme.com/coze/default/assets/js/jquery.appear.js]
[templates.envytheme.com/coze/default/assets/js/odometer.min.js]
[templates.envytheme.com/coze/default/assets/js/jquery.magnific-popup.min.js]
[templates.envytheme.com/coze/default/assets/js/fancybox.min.js]
[templates.envytheme.com/coze/default/assets/js/tweenmax.min.js]
[templates.envytheme.com/coze/default/assets/js/ScrollMagic.min.js]
[templates.envytheme.com/coze/default/assets/js/animation.gsap.min.js]
[templates.envytheme.com/coze/default/assets/js/debug.addIndicators.min.js]
[templates.envytheme.com/coze/default/assets/js/mixitup.min.js]
[templates.envytheme.com/coze/default/assets/js/nice-select.min.js]
[templates.envytheme.com/coze/default/assets/js/tilt.jquery.min.js]
[templates.envytheme.com/coze/default/assets/js/parallax.min.js]
[templates.envytheme.com/coze/default/assets/js/jquery.ajaxchimp.min.js]
[templates.envytheme.com/coze/default/assets/js/form-validator.min.js]
[templates.envytheme.com/coze/default/assets/js/contact-form-script.js]
[templates.envytheme.com/coze/default/assets/js/aos.js]
[templates.envytheme.com/coze/default/assets/js/wow.min.js]
[templates.envytheme.com/coze/default/index.html]
[templates.envytheme.com/coze/default/assets/css/bootstrap.min.css]
[templates.envytheme.com/coze/default/assets/css/aos.css]
[templates.envytheme.com/coze/default/assets/css/animate.min.css]
[templates.envytheme.com/coze/default/assets/css/meanmenu.css]
[templates.envytheme.com/coze/default/assets/js/main.js]
[templates.envytheme.com/coze/default/assets/fonts/remixicondf6d.eot]
[templates.envytheme.com/coze/default/assets/fonts/remixicondf6d.woff2]
[templates.envytheme.com/coze/default/assets/fonts/remixicondf6d.woff]
[templates.envytheme.com/coze/default/assets/fonts/remixicondf6d.ttf]
[templates.envytheme.com/coze/default/assets/fonts/remixicondf6d.svg]
[templates.envytheme.com/coze/default/assets/css/remixicon.css]
[templates.envytheme.com/coze/default/assets/css/odometer.min.css]
[templates.envytheme.com/coze/default/assets/css/owl.video.play.png]
[templates.envytheme.com/coze/default/assets/css/owl.carousel.min.css]
[templates.envytheme.com/coze/default/assets/css/owl.theme.default.min.css]
[templates.envytheme.com/coze/default/assets/css/magnific-popup.min.css]
[templates.envytheme.com/coze/default/assets/css/fancybox.min.css]
[templates.envytheme.com/coze/default/assets/css/nice-select.min.css]
[templates.envytheme.com/coze/default/assets/images/main-hero/hero-bg-1.jpg]
[templates.envytheme.com/coze/default/assets/images/main-hero/hero-bg-2.jpg]
[templates.envytheme.com/coze/default/assets/images/main-hero/hero-bg-3.jpg]
[templates.envytheme.com/coze/default/assets/images/main-banner/banner-bg.jpg]
[templates.envytheme.com/coze/default/assets/images/partner/partner-bg.jpg]
[templates.envytheme.com/coze/default/assets/images/overview/overview-bg.jpg]
[templates.envytheme.com/coze/default/assets/images/page-banner/banner-bg.jpg]
[templates.envytheme.com/coze/default/assets/images/page-banner/banner-bg-2.jpg]
[templates.envytheme.com/coze/default/assets/images/page-banner/banner-bg-3.jpg]
[templates.envytheme.com/coze/default/assets/images/page-banner/banner-bg-4.jpg]
[templates.envytheme.com/coze/default/assets/images/page-banner/banner-bg-5.jpg]
[templates.envytheme.com/coze/default/assets/images/page-banner/banner-bg-6.jpg]
[templates.envytheme.com/coze/default/assets/images/apply-bg.jpg]
[templates.envytheme.com/coze/default/assets/images/coming-soon-bg.jpg]
[templates.envytheme.com/coze/default/assets/images/blog/blog-3.jpg]
[templates.envytheme.com/coze/default/assets/images/courses/courses-1.jpg]
[templates.envytheme.com/coze/default/assets/images/courses/courses-2.jpg]
[templates.envytheme.com/coze/default/assets/images/courses/courses-3.jpg]
[templates.envytheme.com/coze/default/assets/css/style.css]
[templates.envytheme.com/coze/default/assets/images/topbar-bg.jpg]
[templates.envytheme.com/coze/default/assets/css/navbar.css]
[templates.envytheme.com/coze/default/assets/css/footer.css]
[i.ibb.co/FxzBYR9/night.png]
[i.ibb.co/7JfqXxB/sunny.png]
[templates.envytheme.com/coze/default/assets/css/dark.css]
[templates.envytheme.com/coze/default/assets/css/responsive.css]
[templates.envytheme.com/coze/default/assets/images/uk.png]
[templates.envytheme.com/coze/default/assets/images/china.png]
[templates.envytheme.com/coze/default/assets/images/uae.png]
[templates.envytheme.com/coze/default/assets/images/main-hero/slides-shape-1.png]
[templates.envytheme.com/coze/default/assets/images/main-hero/slides-shape-2.png]
[templates.envytheme.com/coze/default/assets/images/main-hero/slides-shape-3.png]
[templates.envytheme.com/coze/default/assets/images/about/about-2.png]
[templates.envytheme.com/coze/default/assets/images/skill/skill-1.png]
[templates.envytheme.com/coze/default/assets/images/skill/skill-shape-1.png]
[templates.envytheme.com/coze/default/assets/images/skill/skill-shape-2.png]
[templates.envytheme.com/coze/default/assets/images/skill/skill-bg-shape.png]
[templates.envytheme.com/coze/default/assets/images/services/services-shape-1.png]
[templates.envytheme.com/coze/default/assets/images/services/services-shape-2.png]
[templates.envytheme.com/coze/default/assets/images/projects-two/projects-1.jpg]
[templates.envytheme.com/coze/default/assets/images/projects-two/projects-2.jpg]
[templates.envytheme.com/coze/default/assets/images/projects-two/projects-3.jpg]
[templates.envytheme.com/coze/default/assets/images/projects-two/projects-4.jpg]
[templates.envytheme.com/coze/default/assets/images/projects-two/projects-5.jpg]
[templates.envytheme.com/coze/default/assets/images/testimonials/testimonials-4.jpg]
[templates.envytheme.com/coze/default/assets/images/testimonials/testimonials-5.jpg]
[templates.envytheme.com/coze/default/assets/images/testimonials/testimonials-6.jpg]
[templates.envytheme.com/coze/default/assets/images/testimonials/testimonials-7.jpg]
[templates.envytheme.com/coze/default/assets/images/testimonials/testimonials-8.jpg]
[templates.envytheme.com/coze/default/assets/images/blog/blog-shape-1.png]
[templates.envytheme.com/coze/default/index-2.html]
[templates.envytheme.com/coze/default/assets/images/main-banner/banner.png]
[templates.envytheme.com/coze/default/assets/images/main-banner/banner-circle.png]
[templates.envytheme.com/coze/default/assets/images/main-banner/banner-shape-1.png]
[templates.envytheme.com/coze/default/assets/images/main-banner/banner-shape-2.png]
[templates.envytheme.com/coze/default/assets/images/main-banner/dot-1.png]
[templates.envytheme.com/coze/default/assets/images/main-banner/dot-2.png]
[templates.envytheme.com/coze/default/assets/images/main-banner/dot-3.png]
[templates.envytheme.com/coze/default/assets/images/main-banner/dot-4.png]
[templates.envytheme.com/coze/default/assets/images/main-banner/dot-5.png]
[templates.envytheme.com/coze/default/assets/images/features/features-1.png]
[templates.envytheme.com/coze/default/assets/images/features/features-2.png]
[templates.envytheme.com/coze/default/assets/images/features/features-3.png]
[templates.envytheme.com/coze/default/assets/images/about/about-3.jpg]
[templates.envytheme.com/coze/default/assets/images/about/about-4.jpg]
[templates.envytheme.com/coze/default/assets/images/about/about-circle.png]
[templates.envytheme.com/coze/default/assets/images/talk/talk.png]
[templates.envytheme.com/coze/default/assets/images/talk/talk-circle.png]
[templates.envytheme.com/coze/default/assets/images/team/team-1.png]
[templates.envytheme.com/coze/default/assets/images/team/team-2.png]
[templates.envytheme.com/coze/default/assets/images/team/team-3.png]
[templates.envytheme.com/coze/default/assets/images/team/team-4.png]
[templates.envytheme.com/coze/default/assets/images/overview/overview-shape.png]
[templates.envytheme.com/coze/default/index-3.html]
[templates.envytheme.com/coze/default/assets/images/about/about-5.jpg]
[templates.envytheme.com/coze/default/assets/images/talk/talk-2.png]
[templates.envytheme.com/coze/default/about-style-1.html]
[templates.envytheme.com/coze/default/about-style-2.html]
[templates.envytheme.com/coze/default/about-style-3.html]
[templates.envytheme.com/coze/default/assets/images/gallery/gallery-1.jpg]
[templates.envytheme.com/coze/default/assets/images/gallery/gallery-2.jpg]
[templates.envytheme.com/coze/default/assets/images/gallery/gallery-3.jpg]
[templates.envytheme.com/coze/default/assets/images/gallery/gallery-4.jpg]
[templates.envytheme.com/coze/default/assets/images/gallery/gallery-5.jpg]
[templates.envytheme.com/coze/default/assets/images/gallery/gallery-6.jpg]
[templates.envytheme.com/coze/default/assets/images/gallery/gallery-7.jpg]
[templates.envytheme.com/coze/default/assets/images/gallery/gallery-8.jpg]
[templates.envytheme.com/coze/default/assets/images/gallery/gallery-9.jpg]
[templates.envytheme.com/coze/default/gallery.html]
[templates.envytheme.com/coze/default/assets/images/gallery/gallery-10.jpg]
[templates.envytheme.com/coze/default/testimonials.html]
[templates.envytheme.com/coze/default/assets/images/services/services-5.jpg]
[templates.envytheme.com/coze/default/services-style-1.html]
[templates.envytheme.com/coze/default/assets/images/services/services-6.jpg]
[templates.envytheme.com/coze/default/services-style-2.html]
[templates.envytheme.com/coze/default/assets/images/services-details/services-details-1.jpg]
[templates.envytheme.com/coze/default/assets/images/services-details/services-details-2.jpg]
[templates.envytheme.com/coze/default/assets/images/services-details/services-details-3.jpg]
[templates.envytheme.com/coze/default/assets/images/services-details/circle-shape.png]
[templates.envytheme.com/coze/default/assets/images/services-details/line-shape.png]
[templates.envytheme.com/coze/default/services-details.html]
[templates.envytheme.com/coze/default/pricing.html]
[templates.envytheme.com/coze/default/assets/images/team/team-5.png]
[templates.envytheme.com/coze/default/assets/images/team/team-6.png]
[templates.envytheme.com/coze/default/assets/images/team/team-7.png]
[templates.envytheme.com/coze/default/assets/images/team/team-8.png]
[templates.envytheme.com/coze/default/assets/images/team/line-shape.png]
[templates.envytheme.com/coze/default/team.html]
[templates.envytheme.com/coze/default/faq.html]
[templates.envytheme.com/coze/default/assets/images/events/events-1.jpg]
[templates.envytheme.com/coze/default/assets/images/events/events-2.jpg]
[templates.envytheme.com/coze/default/assets/images/events/events-3.jpg]
[templates.envytheme.com/coze/default/assets/images/events/events-4.jpg]
[templates.envytheme.com/coze/default/assets/images/events/events-5.jpg]
[templates.envytheme.com/coze/default/assets/images/events/events-6.jpg]
[templates.envytheme.com/coze/default/assets/images/events/events-7.jpg]
[templates.envytheme.com/coze/default/assets/images/events/events-8.jpg]
[templates.envytheme.com/coze/default/assets/images/events/events-9.jpg]
[templates.envytheme.com/coze/default/events.html]
[templates.envytheme.com/coze/default/assets/images/events-details.jpg]
[templates.envytheme.com/coze/default/assets/images/payment/img1.png]
[templates.envytheme.com/coze/default/assets/images/payment/img2.png]
[templates.envytheme.com/coze/default/assets/images/payment/img3.png]
[templates.envytheme.com/coze/default/events-details.html]
[templates.envytheme.com/coze/default/career.html]
[templates.envytheme.com/coze/default/assets/images/career-details.jpg]
[templates.envytheme.com/coze/default/career-details.html]
[templates.envytheme.com/coze/default/assets/images/courses/image-1.jpg]
[templates.envytheme.com/coze/default/assets/images/courses/image-2.jpg]
[templates.envytheme.com/coze/default/assets/images/courses/image-3.jpg]
[templates.envytheme.com/coze/default/assets/images/courses/courses-4.jpg]
[templates.envytheme.com/coze/default/assets/images/courses/image-4.jpg]
[templates.envytheme.com/coze/default/assets/images/courses/courses-5.jpg]
[templates.envytheme.com/coze/default/assets/images/courses/image-5.jpg]
[templates.envytheme.com/coze/default/assets/images/courses/courses-6.jpg]
[templates.envytheme.com/coze/default/assets/images/courses/image-6.jpg]
[templates.envytheme.com/coze/default/courses.html]
[templates.envytheme.com/coze/default/courses-right-sidebar.html]
[templates.envytheme.com/coze/default/assets/images/courses-details.jpg]
[templates.envytheme.com/coze/default/courses-details.html]
[templates.envytheme.com/coze/default/profile-authentication.html]
[templates.envytheme.com/coze/default/membership-levels.html]
[templates.envytheme.com/coze/default/assets/images/purchase-guide.jpg]
[templates.envytheme.com/coze/default/purchase-guide.html]
[templates.envytheme.com/coze/default/assets/images/terms-of-service.jpg]
[templates.envytheme.com/coze/default/terms-of-service.html]
[templates.envytheme.com/coze/default/assets/images/privacy-policy.jpg]
[templates.envytheme.com/coze/default/privacy-policy.html]
[templates.envytheme.com/coze/default/assets/images/error.png]
[templates.envytheme.com/coze/default/error-404.html]
[templates.envytheme.com/coze/default/coming-soon.html]
[templates.envytheme.com/coze/default/projects.html]
[templates.envytheme.com/coze/default/assets/images/projects-details/projects-details-1.jpg]
[templates.envytheme.com/coze/default/assets/images/projects-details/circle-shape.png]
[templates.envytheme.com/coze/default/assets/images/projects-details/projects-details-2.jpg]
[templates.envytheme.com/coze/default/assets/images/projects-details/projects-details-3.jpg]
[templates.envytheme.com/coze/default/assets/images/projects-details/line-shape.png]
[templates.envytheme.com/coze/default/projects-details.html]
[templates.envytheme.com/coze/default/assets/images/products/products-1.jpg]
[templates.envytheme.com/coze/default/assets/images/products/products-2.jpg]
[templates.envytheme.com/coze/default/assets/images/products/products-3.jpg]
[templates.envytheme.com/coze/default/assets/images/products/products-4.jpg]
[templates.envytheme.com/coze/default/assets/images/products/products-5.jpg]
[templates.envytheme.com/coze/default/assets/images/products/products-6.jpg]
[templates.envytheme.com/coze/default/assets/images/products/products-7.jpg]
[templates.envytheme.com/coze/default/assets/images/products/products-8.jpg]
[templates.envytheme.com/coze/default/products.html]
[templates.envytheme.com/coze/default/cart.html]
[templates.envytheme.com/coze/default/wishlist.html]
[templates.envytheme.com/coze/default/checkout.html]
[templates.envytheme.com/coze/default/my-account.html]
[templates.envytheme.com/coze/default/assets/images/products-details.jpg]
[templates.envytheme.com/coze/default/assets/images/products/image-1.jpg]
[templates.envytheme.com/coze/default/products-details.html]
[templates.envytheme.com/coze/default/assets/images/blog/blog-4.jpg]
[templates.envytheme.com/coze/default/assets/images/blog/blog-5.jpg]
[templates.envytheme.com/coze/default/assets/images/blog/blog-6.jpg]
[templates.envytheme.com/coze/default/blog-style-1.html]
[templates.envytheme.com/coze/default/assets/images/blog/blog-7.jpg]
[templates.envytheme.com/coze/default/assets/images/blog/blog-8.jpg]
[templates.envytheme.com/coze/default/assets/images/blog/blog-9.jpg]
[templates.envytheme.com/coze/default/assets/images/blog/blog-10.jpg]
[templates.envytheme.com/coze/default/assets/images/blog/blog-11.jpg]
[templates.envytheme.com/coze/default/assets/images/blog/blog-12.jpg]
[templates.envytheme.com/coze/default/blog-style-2.html]
[templates.envytheme.com/coze/default/blog-right-sidebar.html]
[templates.envytheme.com/coze/default/author.html]
[templates.envytheme.com/coze/default/categories.html]
[templates.envytheme.com/coze/default/tags.html]
[templates.envytheme.com/coze/default/search-page.html]
[templates.envytheme.com/coze/default/assets/images/blog-details/blog-details.jpg]
[templates.envytheme.com/coze/default/assets/images/blog-details/blog-details-2.jpg]
[templates.envytheme.com/coze/default/assets/images/blog-details/blog-details-3.jpg]
[templates.envytheme.com/coze/default/assets/images/blog-details/circle-shape.png]
[templates.envytheme.com/coze/default/assets/images/blog-details/image-1.jpg]
[templates.envytheme.com/coze/default/assets/images/blog-details/image-2.jpg]
[templates.envytheme.com/coze/default/assets/images/blog-details/image-3.jpg]
[templates.envytheme.com/coze/default/single-blog-1.html]
[templates.envytheme.com/coze/default/assets/images/blog-details/blog-details-4.jpg]
[templates.envytheme.com/coze/default/single-blog-2.html]
[templates.envytheme.com/coze/default/assets/images/blog-details/blog-details-5.jpg]
[templates.envytheme.com/coze/default/assets/images/blog-details/blog-details-6.jpg]
[templates.envytheme.com/coze/default/single-blog-3.html]
[templates.envytheme.com/coze/default/contact.html]
[templates.envytheme.com/coze/default/assets/fonts/remixicondf6d.html]
[templates.envytheme.com/coze/default/assets/css/owl.video.play.html]
